<?xml version="1.0" encoding="UTF-8"?>
<testsuites name="Mocha Tests" time="3.165" tests="2" failures="0">
  <testsuite name="Root Suite" timestamp="2023-06-17T16:16:17" tests="0" file="cypress\e2e\login.e2e.cy.js" time="0.000" failures="0">
  </testsuite>
  <testsuite name="Login E2E" timestamp="2023-06-17T16:16:17" tests="2" time="3.156" failures="0">
    <testcase name="Login E2E Login incorrect" time="2.260" classname="Login incorrect">
    </testcase>
    <testcase name="Login E2E Correct login" time="0.885" classname="Correct login">
    </testcase>
  </testsuite>
</testsuites>